// Jest Snapshot v1, https://goo.gl/fbAQLP

exports[`ExerciseAdder component matches snapshot 1`] = `
<div
  className="formContainer"
>
  <form
    data-testid="exerciseAdderForm"
    id="exerciseAdderForm"
    onSubmit={[Function]}
  >
    <div>
      <br />
      <label>
        Exercise:
      </label>
      <br />
      <input
        aria-label="titleInput"
        onChange={[Function]}
        placeholder="What was the exercise?"
        type="text"
        value=""
      />
    </div>
    <div>
      <br />
      <label>
        Day:
      </label>
      <br />
      <input
        aria-label="dateInput"
        onChange={[Function]}
        placeholder="When did you do it?"
        type="text"
        value=""
      />
    </div>
    <div>
      <br />
      <label>
        Achievement:
      </label>
      <br />
      <input
        onChange={[Function]}
        placeholder="What did you manage to do?"
        type="text"
        value=""
      />
    </div>
    <div>
      <br />
      <label>
        Exercise colour:
      </label>
      <br />
      <select
        name="topic"
        onChange={[Function]}
      >
        <option
          value="grey"
        >
          Grey
        </option>
        <option
          value="black"
        >
          Black
        </option>
        <option
          value="firebrick"
        >
          Red
        </option>
        <option
          value="coral"
        >
          Orange
        </option>
        <option
          value="gold"
        >
          Yellow
        </option>
        <option
          value="green"
        >
          Green
        </option>
        <option
          value="blue"
        >
          Blue
        </option>
        <option
          value="purple"
        >
          Purple
        </option>
        <option
          value="pink"
        >
          Pink
        </option>
        <option
          value="saddlebrown"
        >
          Brown
        </option>
      </select>
    </div>
    <br />
    <div
      className="centred"
    >
      <button
        data-testid="submissionBtn"
        id="submissionBtn"
        type="submit"
      >
        Save new exercise event!
      </button>
    </div>
  </form>
</div>
`;
